/home/runner/work/SortingMadness/SortingMadness/src/main/java/pl/put/poznan/SortingMadness/sortingAlgorithms/MergeSort.java
/home/runner/work/SortingMadness/SortingMadness/src/main/java/pl/put/poznan/SortingMadness/sortingAlgorithms/QuickSort.java
/home/runner/work/SortingMadness/SortingMadness/src/main/java/pl/put/poznan/SortingMadness/sortingAlgorithms/BubbleSort.java
/home/runner/work/SortingMadness/SortingMadness/src/main/java/pl/put/poznan/SortingMadness/sortingAlgorithms/SelectionSort.java
/home/runner/work/SortingMadness/SortingMadness/src/main/java/pl/put/poznan/SortingMadness/util/SortingUtil.java
/home/runner/work/SortingMadness/SortingMadness/src/main/java/pl/put/poznan/SortingMadness/data/InputData.java
/home/runner/work/SortingMadness/SortingMadness/src/main/java/pl/put/poznan/SortingMadness/rest/Controller.java
/home/runner/work/SortingMadness/SortingMadness/src/main/java/pl/put/poznan/SortingMadness/sortingAlgorithms/InsertionSort.java
/home/runner/work/SortingMadness/SortingMadness/src/main/java/pl/put/poznan/SortingMadness/sortingAlgorithms/HeapSort.java
/home/runner/work/SortingMadness/SortingMadness/src/main/java/pl/put/poznan/SortingMadness/SortingMadnessApplication.java
